[0m12:44:58.542847 [debug] [MainThread]: Sending event: {'category': 'dbt', 'action': 'invocation', 'label': 'start', 'context': [<snowplow_tracker.self_describing_json.SelfDescribingJson object at 0x0000014E201B5A90>, <snowplow_tracker.self_describing_json.SelfDescribingJson object at 0x0000014E2245BC10>, <snowplow_tracker.self_describing_json.SelfDescribingJson object at 0x0000014E2245BE20>]}


============================== 12:44:58.547770 | 32ab8922-7faa-47a3-b711-5214154e5137 ==============================
[0m12:44:58.547770 [info ] [MainThread]: Running with dbt=1.10.22
[0m12:44:58.548781 [debug] [MainThread]: running dbt with arguments {'debug': 'False', 'fail_fast': 'False', 'log_cache_events': 'False', 'send_anonymous_usage_stats': 'True', 'warn_error_options': 'WarnErrorOptionsV2(error=[], warn=[], silence=[])', 'cache_selected_only': 'False', 'invocation_command': 'dbt init pagila_dbt_analytics', 'log_format': 'default', 'version_check': 'True', 'empty': 'None', 'printer_width': '80', 'partial_parse': 'True', 'log_path': 'logs', 'quiet': 'False', 'warn_error': 'None', 'write_json': 'True', 'introspect': 'True', 'target_path': 'None', 'no_print': 'None', 'static_parser': 'True', 'profiles_dir': 'C:\\Users\\OMEN\\.dbt', 'use_experimental_parser': 'False', 'use_colors': 'True', 'indirect_selection': 'eager'}
[0m12:44:58.571223 [debug] [MainThread]: Starter project path: G:\Coding\postgres-dbt-pipeline\venv\lib\site-packages\dbt\include\starter_project
[0m12:44:58.703711 [info ] [MainThread]: 
Your new dbt project "pagila_dbt_analytics" was created!

For more information on how to configure the profiles.yml file,
please consult the dbt documentation here:

  https://docs.getdbt.com/docs/configure-your-profile

One more thing:

Need help? Don't hesitate to reach out to us via GitHub issues or on Slack:

  https://community.getdbt.com/

Happy modeling!

[0m12:44:58.704714 [info ] [MainThread]: Setting up your profile.
[0m12:46:46.136456 [info ] [MainThread]: Profile pagila_dbt_analytics written to C:\Users\OMEN\.dbt\profiles.yml using target's profile_template.yml and your supplied values. Run 'dbt debug' to validate the connection.
[0m12:46:46.138341 [debug] [MainThread]: Command `dbt init` succeeded at 12:46:46.138341 after 107.74 seconds
[0m12:46:46.139342 [debug] [MainThread]: Sending event: {'category': 'dbt', 'action': 'invocation', 'label': 'end', 'context': [<snowplow_tracker.self_describing_json.SelfDescribingJson object at 0x0000014E201B5A90>, <snowplow_tracker.self_describing_json.SelfDescribingJson object at 0x0000014E2245B490>, <snowplow_tracker.self_describing_json.SelfDescribingJson object at 0x0000014E2245BF10>]}
[0m12:46:46.140342 [debug] [MainThread]: Flushing usage events
[0m12:46:47.685498 [debug] [MainThread]: An error was encountered while trying to flush usage events
[0m13:13:11.358744 [debug] [MainThread]: Sending event: {'category': 'dbt', 'action': 'invocation', 'label': 'start', 'context': [<snowplow_tracker.self_describing_json.SelfDescribingJson object at 0x000001CC4232E3D0>, <snowplow_tracker.self_describing_json.SelfDescribingJson object at 0x000001CC467CCB50>, <snowplow_tracker.self_describing_json.SelfDescribingJson object at 0x000001CC467CC940>]}


============================== 13:13:11.363766 | 1b0df0da-f505-4b2c-86cc-ce27fe39c72f ==============================
[0m13:13:11.363766 [info ] [MainThread]: Running with dbt=1.6.18
[0m13:13:11.364740 [debug] [MainThread]: running dbt with arguments {'printer_width': '80', 'indirect_selection': 'eager', 'log_cache_events': 'False', 'write_json': 'True', 'partial_parse': 'True', 'cache_selected_only': 'False', 'warn_error': 'None', 'version_check': 'True', 'debug': 'False', 'log_path': 'logs', 'profiles_dir': 'C:\\Users\\OMEN\\.dbt', 'fail_fast': 'False', 'use_colors': 'True', 'use_experimental_parser': 'False', 'no_print': 'None', 'quiet': 'False', 'warn_error_options': 'WarnErrorOptions(include=[], exclude=[])', 'invocation_command': 'dbt run', 'introspect': 'True', 'log_format': 'default', 'target_path': 'None', 'static_parser': 'True', 'send_anonymous_usage_stats': 'True'}
[0m13:13:11.365741 [error] [MainThread]: Encountered an error:
Runtime Error
  No dbt_project.yml found at expected path G:\Coding\postgres-dbt-pipeline\dbt_project.yml
  Verify that each entry within packages.yml (and their transitive dependencies) contains a file named dbt_project.yml
  
[0m13:13:11.366746 [debug] [MainThread]: Command `dbt run` failed at 13:13:11.366746 after 0.06 seconds
[0m13:13:11.367742 [debug] [MainThread]: Sending event: {'category': 'dbt', 'action': 'invocation', 'label': 'end', 'context': [<snowplow_tracker.self_describing_json.SelfDescribingJson object at 0x000001CC4232E3D0>, <snowplow_tracker.self_describing_json.SelfDescribingJson object at 0x000001CC467E5850>, <snowplow_tracker.self_describing_json.SelfDescribingJson object at 0x000001CC467E58E0>]}
[0m13:13:11.367742 [debug] [MainThread]: Flushing usage events
[0m12:33:46.763656 [debug] [MainThread]: Sending event: {'category': 'dbt', 'action': 'invocation', 'label': 'start', 'context': [<snowplow_tracker.self_describing_json.SelfDescribingJson object at 0x000002031C907AC0>, <snowplow_tracker.self_describing_json.SelfDescribingJson object at 0x000002031DCAABB0>, <snowplow_tracker.self_describing_json.SelfDescribingJson object at 0x000002031EB50E20>]}


============================== 12:33:46.768601 | 41f20379-8ae9-430a-9f9d-785e8f76cb74 ==============================
[0m12:33:46.768601 [info ] [MainThread]: Running with dbt=1.10.22
[0m12:33:46.768601 [debug] [MainThread]: running dbt with arguments {'fail_fast': 'False', 'debug': 'False', 'log_cache_events': 'False', 'send_anonymous_usage_stats': 'True', 'warn_error_options': 'WarnErrorOptionsV2(error=[], warn=[], silence=[])', 'cache_selected_only': 'False', 'invocation_command': 'dbt run --select dim_customers', 'log_format': 'default', 'version_check': 'True', 'empty': 'False', 'printer_width': '80', 'partial_parse': 'True', 'log_path': 'logs', 'introspect': 'True', 'warn_error': 'None', 'write_json': 'True', 'quiet': 'False', 'target_path': 'None', 'no_print': 'None', 'static_parser': 'True', 'profiles_dir': 'C:\\Users\\OMEN\\.dbt', 'use_experimental_parser': 'False', 'use_colors': 'True', 'indirect_selection': 'eager'}
[0m12:33:46.769599 [error] [MainThread]: Encountered an error:
Runtime Error
  No dbt_project.yml found at expected path G:\Coding\postgres-dbt-pipeline\dbt_project.yml
  Verify that each entry within packages.yml (and their transitive dependencies) contains a file named dbt_project.yml
  
[0m12:33:46.770894 [debug] [MainThread]: Command `dbt run` failed at 12:33:46.769599 after 0.13 seconds
[0m12:33:46.770894 [debug] [MainThread]: Sending event: {'category': 'dbt', 'action': 'invocation', 'label': 'end', 'context': [<snowplow_tracker.self_describing_json.SelfDescribingJson object at 0x000002031C907AC0>, <snowplow_tracker.self_describing_json.SelfDescribingJson object at 0x000002031EB50CA0>, <snowplow_tracker.self_describing_json.SelfDescribingJson object at 0x000002031EB50E20>]}
[0m12:33:46.771911 [debug] [MainThread]: Flushing usage events
[0m12:33:48.201779 [debug] [MainThread]: An error was encountered while trying to flush usage events
[0m11:39:52.179358 [debug] [MainThread]: Sending event: {'category': 'dbt', 'action': 'invocation', 'label': 'start', 'context': [<snowplow_tracker.self_describing_json.SelfDescribingJson object at 0x000001E270C25B50>, <snowplow_tracker.self_describing_json.SelfDescribingJson object at 0x000001E272E3CCD0>, <snowplow_tracker.self_describing_json.SelfDescribingJson object at 0x000001E272E3C520>]}


============================== 11:39:52.185865 | 6e6472ef-2d09-419e-8076-ae2898133622 ==============================
[0m11:39:52.185865 [info ] [MainThread]: Running with dbt=1.10.22
[0m11:39:52.186378 [debug] [MainThread]: running dbt with arguments {'fail_fast': 'False', 'debug': 'False', 'log_cache_events': 'False', 'send_anonymous_usage_stats': 'True', 'warn_error_options': 'WarnErrorOptionsV2(error=[], warn=[], silence=[])', 'cache_selected_only': 'False', 'log_format': 'default', 'no_print': 'None', 'version_check': 'True', 'empty': 'False', 'printer_width': '80', 'quiet': 'False', 'introspect': 'True', 'log_path': 'logs', 'warn_error': 'None', 'write_json': 'True', 'target_path': 'None', 'invocation_command': 'dbt build', 'partial_parse': 'True', 'static_parser': 'True', 'profiles_dir': 'C:\\Users\\OMEN\\.dbt', 'use_experimental_parser': 'False', 'use_colors': 'True', 'indirect_selection': 'eager'}
[0m11:39:52.187384 [error] [MainThread]: Encountered an error:
Runtime Error
  No dbt_project.yml found at expected path G:\Coding\postgres-dbt-pipeline\dbt_project.yml
  Verify that each entry within packages.yml (and their transitive dependencies) contains a file named dbt_project.yml
  
[0m11:39:52.188389 [debug] [MainThread]: Command `dbt build` failed at 11:39:52.188389 after 0.11 seconds
[0m11:39:52.188389 [debug] [MainThread]: Sending event: {'category': 'dbt', 'action': 'invocation', 'label': 'end', 'context': [<snowplow_tracker.self_describing_json.SelfDescribingJson object at 0x000001E270C25B50>, <snowplow_tracker.self_describing_json.SelfDescribingJson object at 0x000001E272E818B0>, <snowplow_tracker.self_describing_json.SelfDescribingJson object at 0x000001E272E81A60>]}
[0m11:39:52.189389 [debug] [MainThread]: Flushing usage events
[0m11:39:53.687571 [debug] [MainThread]: An error was encountered while trying to flush usage events
